
> app@0.1.0 dev
> next dev

▲ Next.js 16.2.9 (Turbopack)
- Local:         http://localhost:3000
- Network:       http://192.168.18.223:3000
✓ Ready in 3.5s
⚠ Warning: Next.js inferred your workspace root, but it may not be correct.
 We detected multiple lockfiles and selected the directory of C:\Users\dti-\Documents\Conecta saúde codigo\conecta-saude\package-lock.json as the root directory.
 To silence this warning, set `turbopack.root` in your Next.js config, or consider removing one of the lockfiles if it's not needed.
   See https://nextjs.org/docs/app/api-reference/config/next-config-js/turbopack#root-directory for more information.
 Detected additional lockfiles: 
   * C:\Users\dti-\Documents\Conecta saúde codigo\conecta-saude\app\package-lock.json


 GET /dashboard 200 in 1160ms (next.js: 544ms, application-code: 616ms)
 GET / 200 in 245ms (next.js: 125ms, application-code: 120ms)
 GET /dashboard 200 in 80ms (next.js: 14ms, application-code: 66ms)
 GET /agendar-consulta 200 in 220ms (next.js: 141ms, application-code: 80ms)
 GET /dashboard 200 in 53ms (next.js: 7ms, application-code: 46ms)
✓ Compiled in 3.5s
✓ Compiled in 0ms
 GET /dashboard 200 in 6.2s (next.js: 3.4s, application-code: 2.9s)
 GET /dashboard 200 in 1127ms (next.js: 266ms, application-code: 861ms)
 GET /dashboard 200 in 507ms (next.js: 160ms, application-code: 347ms)
 GET /dashboard 200 in 507ms (next.js: 301ms, application-code: 206ms)
 GET /dashboard 200 in 505ms (next.js: 349ms, application-code: 156ms)
 GET /dashboard 200 in 263ms (next.js: 8ms, application-code: 254ms)
 GET /dashboard 200 in 226ms (next.js: 8ms, application-code: 218ms)
 GET /dashboard 200 in 225ms (next.js: 10ms, application-code: 215ms)
 GET /dashboard 200 in 218ms (next.js: 9ms, application-code: 208ms)
 GET /dashboard 200 in 218ms (next.js: 42ms, application-code: 176ms)
 GET /dashboard 200 in 218ms (next.js: 75ms, application-code: 143ms)
 GET /dashboard 200 in 382ms (next.js: 9ms, application-code: 374ms)
 GET /dashboard 200 in 343ms (next.js: 7ms, application-code: 337ms)
 GET /dashboard 200 in 431ms (next.js: 12ms, application-code: 419ms)
 GET /dashboard 200 in 376ms (next.js: 9ms, application-code: 367ms)
 GET /dashboard 200 in 377ms (next.js: 49ms, application-code: 327ms)
 GET /dashboard 200 in 422ms (next.js: 155ms, application-code: 267ms)
 GET /dashboard 200 in 317ms (next.js: 18ms, application-code: 299ms)
 GET /dashboard 200 in 238ms (next.js: 15ms, application-code: 223ms)
 GET /dashboard 200 in 282ms (next.js: 10ms, application-code: 273ms)
 GET /dashboard 200 in 236ms (next.js: 8ms, application-code: 229ms)
 GET /dashboard 200 in 282ms (next.js: 42ms, application-code: 239ms)
 GET /dashboard 200 in 209ms (next.js: 7ms, application-code: 201ms)
 GET /dashboard 200 in 294ms (next.js: 7ms, application-code: 287ms)
 GET /dashboard 200 in 250ms (next.js: 8ms, application-code: 242ms)
 GET /dashboard 200 in 234ms (next.js: 7ms, application-code: 227ms)
 GET /dashboard 200 in 235ms (next.js: 8ms, application-code: 227ms)
 GET /dashboard 200 in 240ms (next.js: 11ms, application-code: 229ms)
 GET /dashboard 200 in 203ms (next.js: 7ms, application-code: 196ms)
 GET /dashboard 200 in 347ms (next.js: 7ms, application-code: 340ms)
 GET /dashboard 200 in 320ms (next.js: 8ms, application-code: 313ms)
 GET /dashboard 200 in 324ms (next.js: 8ms, application-code: 316ms)
 GET /dashboard 200 in 316ms (next.js: 11ms, application-code: 305ms)
 GET /dashboard 200 in 295ms (next.js: 15ms, application-code: 280ms)
 GET /dashboard 200 in 297ms (next.js: 70ms, application-code: 227ms)
 GET /dashboard 200 in 304ms (next.js: 9ms, application-code: 295ms)
 GET /dashboard 200 in 259ms (next.js: 9ms, application-code: 250ms)
 GET /dashboard 200 in 216ms (next.js: 8ms, application-code: 208ms)
 GET /dashboard 200 in 314ms (next.js: 11ms, application-code: 303ms)
 GET /dashboard 200 in 347ms (next.js: 6ms, application-code: 341ms)
 GET /dashboard 200 in 390ms (next.js: 7ms, application-code: 382ms)
 GET /dashboard 200 in 490ms (next.js: 12ms, application-code: 478ms)
 GET /dashboard 200 in 423ms (next.js: 12ms, application-code: 411ms)
 GET /dashboard 200 in 351ms (next.js: 19ms, application-code: 333ms)
 GET /dashboard 200 in 347ms (next.js: 12ms, application-code: 335ms)
 GET /dashboard 200 in 446ms (next.js: 17ms, application-code: 428ms)
 GET /dashboard 200 in 452ms (next.js: 9ms, application-code: 443ms)
 GET /dashboard 200 in 516ms (next.js: 14ms, application-code: 502ms)
 GET /dashboard 200 in 446ms (next.js: 15ms, application-code: 430ms)
 GET /dashboard 200 in 425ms (next.js: 11ms, application-code: 414ms)
 GET /dashboard 200 in 392ms (next.js: 16ms, application-code: 376ms)
 GET /dashboard 200 in 318ms (next.js: 17ms, application-code: 301ms)
 GET /dashboard 200 in 229ms (next.js: 9ms, application-code: 220ms)
 GET /dashboard 200 in 154ms (next.js: 10ms, application-code: 143ms)
 GET /dashboard 200 in 82ms (next.js: 10ms, application-code: 72ms)
 GET /dashboard 200 in 400ms (next.js: 281ms, application-code: 119ms)
 GET /dashboard 200 in 256ms (next.js: 145ms, application-code: 111ms)
 GET /dashboard 200 in 256ms (next.js: 130ms, application-code: 126ms)
 GET /dashboard 200 in 491ms (next.js: 242ms, application-code: 248ms)
✓ Compiled in 105ms
 GET /dashboard 200 in 816ms (next.js: 567ms, application-code: 250ms)
 GET /consultas-agendadas 200 in 210ms (next.js: 126ms, application-code: 84ms)
 GET /dashboard 200 in 37ms (next.js: 5ms, application-code: 32ms)
 GET /resultado-exames 200 in 152ms (next.js: 65ms, application-code: 87ms)
 GET /dashboard 200 in 53ms (next.js: 7ms, application-code: 47ms)
 GET /buscar-ubs 200 in 99ms (next.js: 50ms, application-code: 49ms)
 GET /dashboard 200 in 37ms (next.js: 7ms, application-code: 29ms)
 GET /historico-vacinas 200 in 82ms (next.js: 52ms, application-code: 30ms)
 GET /dashboard 200 in 34ms (next.js: 5ms, application-code: 28ms)
 GET /consultas-agendadas 200 in 46ms (next.js: 6ms, application-code: 40ms)
 GET /dashboard 200 in 44ms (next.js: 4ms, application-code: 40ms)
 GET / 200 in 299ms (next.js: 206ms, application-code: 93ms)
 GET /dashboard-medico 200 in 96ms (next.js: 47ms, application-code: 48ms)
 GET /dashboard-medico/administracao 200 in 96ms (next.js: 56ms, application-code: 40ms)
✓ Compiled in 139ms
 GET /dashboard-medico/administracao 200 in 640ms (next.js: 311ms, application-code: 329ms)
✓ Compiled in 111ms
 GET /dashboard-medico/administracao 200 in 543ms (next.js: 326ms, application-code: 218ms)
 GET /dashboard-medico 200 in 350ms (next.js: 233ms, application-code: 117ms)
 GET /dashboard-medico/administracao 200 in 50ms (next.js: 7ms, application-code: 44ms)
 GET /dashboard-medico/administracao 200 in 419ms (next.js: 7ms, application-code: 412ms)
✓ Compiled in 69ms
 GET /dashboard-medico/administracao 200 in 340ms (next.js: 190ms, application-code: 149ms)
✓ Compiled in 73ms
 GET /dashboard-medico/administracao 200 in 322ms (next.js: 225ms, application-code: 98ms)
 GET /dashboard-medico/administracao 200 in 272ms (next.js: 161ms, application-code: 111ms)
 GET /dashboard-medico/administracao 200 in 542ms (next.js: 18ms, application-code: 524ms)
 GET /dashboard-medico 200 in 278ms (next.js: 164ms, application-code: 114ms)
 GET /dashboard-medico/administracao 200 in 40ms (next.js: 6ms, application-code: 34ms)
✓ Compiled in 162ms
 GET /dashboard-medico/administracao 200 in 360ms (next.js: 212ms, application-code: 148ms)
✓ Compiled in 58ms
 GET /dashboard-medico/administracao 200 in 358ms (next.js: 234ms, application-code: 125ms)
✓ Compiled in 125ms
 GET /dashboard-medico/administracao 200 in 342ms (next.js: 183ms, application-code: 158ms)
✓ Compiled in 74ms
 GET /dashboard-medico/administracao 200 in 514ms (next.js: 214ms, application-code: 300ms)
✓ Compiled in 57ms
 GET /dashboard-medico/administracao 200 in 339ms (next.js: 238ms, application-code: 101ms)
 GET /dashboard-medico/administracao 200 in 252ms (next.js: 132ms, application-code: 120ms)
 GET /dashboard-medico/administracao 200 in 320ms (next.js: 206ms, application-code: 114ms)
